prisma/seed.ts(2,3): error TS2305: Module '"@prisma/client"' has no exported member 'PrismaClient'.
prisma/seed.ts(3,3): error TS2305: Module '"@prisma/client"' has no exported member 'RolUsuario'.
prisma/seed.ts(4,3): error TS2305: Module '"@prisma/client"' has no exported member 'EstadoAprobacion'.
prisma/seed.ts(5,3): error TS2305: Module '"@prisma/client"' has no exported member 'TipoDocumento'.
prisma/seed.ts(6,3): error TS2305: Module '"@prisma/client"' has no exported member 'TipoNotificacion'.
src/admin/admin.controller.ts(9,10): error TS2305: Module '"@prisma/client"' has no exported member 'RolUsuario'.
src/admin/admin.service.ts(3,10): error TS2305: Module '"@prisma/client"' has no exported member 'ConfiguracionSistema'.
src/admin/admin.service.ts(21,38): error TS2339: Property 'configuracionSistema' does not exist on type 'PrismaService'.
src/admin/admin.service.ts(27,36): error TS2339: Property 'configuracionSistema' does not exist on type 'PrismaService'.
src/admin/admin.service.ts(49,40): error TS2339: Property 'configuracionSistema' does not exist on type 'PrismaService'.
src/auth/auth.service.ts(14,45): error TS2339: Property 'usuario' does not exist on type 'PrismaService'.
src/auth/auth.service.ts(54,45): error TS2339: Property 'usuario' does not exist on type 'PrismaService'.
src/auth/auth.service.ts(75,23): error TS2339: Property 'usuario' does not exist on type 'PrismaService'.
src/auth/auth.service.ts(88,45): error TS2339: Property 'usuario' does not exist on type 'PrismaService'.
src/deploy/deploy.controller.ts(11,10): error TS2305: Module '"@prisma/client"' has no exported member 'RolUsuario'.
src/deploy/deploy.controller.ts(54,7): error TS2345: Argument of type 'File | undefined' is not assignable to parameter of type 'File'.
  Type 'undefined' is not assignable to type 'File'.
src/deploy/deploy.service.ts(9,10): error TS2305: Module '"@prisma/client"' has no exported member 'EstadoAprobacion'.
src/deploy/deploy.service.ts(9,28): error TS2305: Module '"@prisma/client"' has no exported member 'TipoDocumento'.
src/deploy/deploy.service.ts(9,43): error TS2305: Module '"@prisma/client"' has no exported member 'TipoNotificacion'.
src/deploy/deploy.service.ts(30,44): error TS2339: Property 'estudiante' does not exist on type 'PrismaService'.
src/deploy/deploy.service.ts(42,41): error TS2339: Property 'usuario' does not exist on type 'PrismaService'.
src/deploy/deploy.service.ts(62,40): error TS2339: Property 'documento' does not exist on type 'PrismaService'.
src/deploy/deploy.service.ts(73,40): error TS2339: Property 'documento' does not exist on type 'PrismaService'.
src/deploy/deploy.service.ts(85,40): error TS2339: Property 'proyectoDeploy' does not exist on type 'PrismaService'.
src/deploy/deploy.service.ts(106,25): error TS2339: Property 'historialTrazabilidad' does not exist on type 'PrismaService'.
src/deploy/deploy.service.ts(117,25): error TS2339: Property 'notificacion' does not exist on type 'PrismaService'.
src/deploy/deploy.service.ts(143,38): error TS2339: Property 'proyectoDeploy' does not exist on type 'PrismaService'.
src/deploy/deploy.service.ts(162,40): error TS2339: Property 'materia' does not exist on type 'PrismaService'.
src/deploy/deploy.service.ts(167,40): error TS2339: Property 'entrega' does not exist on type 'PrismaService'.
src/deploy/deploy.service.ts(172,56): error TS7006: Parameter 'req' implicitly has an 'any' type.
src/deploy/deploy.service.ts(173,40): error TS7006: Parameter 'e' implicitly has an 'any' type.
src/documentos/documentos.controller.ts(7,35): error TS2307: Cannot find module './dto/crear-documento.dto' or its corresponding type declarations.
src/documentos/documentos.controller.ts(10,10): error TS2305: Module '"@prisma/client"' has no exported member 'RolUsuario'.
src/documentos/documentos.service.ts(8,10): error TS2305: Module '"@prisma/client"' has no exported member 'EstadoAprobacion'.
src/documentos/documentos.service.ts(8,28): error TS2305: Module '"@prisma/client"' has no exported member 'TipoDocumento'.
src/documentos/documentos.service.ts(9,35): error TS2307: Cannot find module './dto/crear-documento.dto' or its corresponding type declarations.
src/documentos/documentos.service.ts(25,41): error TS2339: Property 'entrega' does not exist on type 'PrismaService'.
src/documentos/documentos.service.ts(47,43): error TS2339: Property 'documento' does not exist on type 'PrismaService'.
src/documentos/documentos.service.ts(60,25): error TS2339: Property 'entrega' does not exist on type 'PrismaService'.
src/documentos/documentos.service.ts(66,25): error TS2339: Property 'historialTrazabilidad' does not exist on type 'PrismaService'.
src/documentos/documentos.service.ts(90,44): error TS2339: Property 'documento' does not exist on type 'PrismaService'.
src/documentos/documentos.service.ts(94,30): error TS7006: Parameter 'd' implicitly has an 'any' type.
src/estudiantes/estudiantes.controller.ts(6,10): error TS2305: Module '"@prisma/client"' has no exported member 'RolUsuario'.
src/estudiantes/estudiantes.service.ts(7,10): error TS2305: Module '"@prisma/client"' has no exported member 'EstadoAprobacion'.
src/estudiantes/estudiantes.service.ts(20,45): error TS2339: Property 'estudiante' does not exist on type 'PrismaService'.
src/estudiantes/estudiantes.service.ts(44,31): error TS7006: Parameter 'e' implicitly has an 'any' type.
src/estudiantes/estudiantes.service.ts(58,44): error TS2339: Property 'estudiante' does not exist on type 'PrismaService'.
src/estudiantes/estudiantes.service.ts(103,44): error TS2339: Property 'estudiante' does not exist on type 'PrismaService'.
src/estudiantes/estudiantes.service.ts(111,42): error TS2339: Property 'materia' does not exist on type 'PrismaService'.
src/estudiantes/estudiantes.service.ts(118,42): error TS2339: Property 'entrega' does not exist on type 'PrismaService'.
src/estudiantes/estudiantes.service.ts(123,28): error TS7006: Parameter 'materia' implicitly has an 'any' type.
src/estudiantes/estudiantes.service.ts(125,51): error TS7006: Parameter 'e' implicitly has an 'any' type.
src/estudiantes/estudiantes.service.ts(126,29): error TS7006: Parameter 'r' implicitly has an 'any' type.
src/estudiantes/estudiantes.service.ts(129,12): error TS7006: Parameter 'e' implicitly has an 'any' type.
src/estudiantes/estudiantes.service.ts(152,40): error TS7006: Parameter 'req' implicitly has an 'any' type.
src/estudiantes/estudiantes.service.ts(154,16): error TS7006: Parameter 'e' implicitly has an 'any' type.
src/evaluaciones/dto/crear-evaluacion.dto.ts(4,10): error TS2305: Module '"@prisma/client"' has no exported member 'EstadoAprobacion'.
src/evaluaciones/evaluaciones.controller.ts(8,10): error TS2305: Module '"@prisma/client"' has no exported member 'RolUsuario'.
src/evaluaciones/evaluaciones.service.ts(9,10): error TS2305: Module '"@prisma/client"' has no exported member 'EstadoAprobacion'.
src/evaluaciones/evaluaciones.service.ts(9,28): error TS2305: Module '"@prisma/client"' has no exported member 'RolUsuario'.
src/evaluaciones/evaluaciones.service.ts(9,40): error TS2305: Module '"@prisma/client"' has no exported member 'TipoNotificacion'.
src/evaluaciones/evaluaciones.service.ts(25,41): error TS2339: Property 'entrega' does not exist on type 'PrismaService'.
src/evaluaciones/evaluaciones.service.ts(55,44): error TS2339: Property 'evaluacion' does not exist on type 'PrismaService'.
src/evaluaciones/evaluaciones.service.ts(72,25): error TS2339: Property 'entrega' does not exist on type 'PrismaService'.
src/evaluaciones/evaluaciones.service.ts(83,25): error TS2339: Property 'historialTrazabilidad' does not exist on type 'PrismaService'.
src/evaluaciones/evaluaciones.service.ts(135,42): error TS2339: Property 'evaluacion' does not exist on type 'PrismaService'.
src/evaluaciones/evaluaciones.service.ts(161,42): error TS2339: Property 'requisito' does not exist on type 'PrismaService'.
src/evaluaciones/evaluaciones.service.ts(166,40): error TS2339: Property 'entrega' does not exist on type 'PrismaService'.
src/evaluaciones/evaluaciones.service.ts(175,46): error TS7006: Parameter 'req' implicitly has an 'any' type.
src/evaluaciones/evaluaciones.service.ts(176,38): error TS7006: Parameter 'e' implicitly has an 'any' type.
src/evaluaciones/evaluaciones.service.ts(183,48): error TS2339: Property 'materia' does not exist on type 'PrismaService'.
src/evaluaciones/evaluaciones.service.ts(192,25): error TS2339: Property 'historialTrazabilidad' does not exist on type 'PrismaService'.
src/evaluaciones/evaluaciones.service.ts(200,25): error TS2339: Property 'notificacion' does not exist on type 'PrismaService'.
src/evaluaciones/evaluaciones.service.ts(213,23): error TS2339: Property 'estudiante' does not exist on type 'PrismaService'.
src/evaluaciones/evaluaciones.service.ts(219,23): error TS2339: Property 'historialTrazabilidad' does not exist on type 'PrismaService'.
src/evaluaciones/evaluaciones.service.ts(229,23): error TS2339: Property 'notificacion' does not exist on type 'PrismaService'.
src/evaluaciones/evaluaciones.service.ts(255,23): error TS2339: Property 'notificacion' does not exist on type 'PrismaService'.
src/mailer/mailer.service.ts(41,56): error TS2339: Property 'usuario' does not exist on type 'PrismaService'.
src/mailer/mailer.service.ts(61,25): error TS2339: Property 'usuario' does not exist on type 'PrismaService'.
src/pasantias/dto/create-entrega.dto.ts(2,10): error TS2305: Module '"@prisma/client"' has no exported member 'EstadoAprobacion'.
src/pasantias/dto/create-evaluacion.dto.ts(2,10): error TS2305: Module '"@prisma/client"' has no exported member 'EstadoAprobacion'.
src/pasantias/pasantias.service.ts(3,10): error TS2305: Module '"@prisma/client"' has no exported member 'EstadoAprobacion'.
src/pasantias/pasantias.service.ts(10,24): error TS2339: Property 'materia' does not exist on type 'PrismaService'.
src/pasantias/pasantias.service.ts(24,42): error TS2339: Property 'estudiante' does not exist on type 'PrismaService'.
src/pasantias/pasantias.service.ts(33,45): error TS2339: Property 'materia' does not exist on type 'PrismaService'.
src/pasantias/pasantias.service.ts(48,47): error TS2339: Property 'materia' does not exist on type 'PrismaService'.
src/pasantias/pasantias.service.ts(60,50): error TS2339: Property 'entrega' does not exist on type 'PrismaService'.
src/pasantias/pasantias.service.ts(72,53): error TS7006: Parameter 'entrega' implicitly has an 'any' type.
src/pasantias/pasantias.service.ts(89,41): error TS2339: Property 'requisito' does not exist on type 'PrismaService'.
src/pasantias/pasantias.service.ts(98,42): error TS2339: Property 'estudiante' does not exist on type 'PrismaService'.
src/pasantias/pasantias.service.ts(111,24): error TS2339: Property 'entrega' does not exist on type 'PrismaService'.
src/pasantias/pasantias.service.ts(130,46): error TS2339: Property 'estudiante' does not exist on type 'PrismaService'.
src/pasantias/pasantias.service.ts(139,40): error TS2339: Property 'materia' does not exist on type 'PrismaService'.
src/pasantias/pasantias.service.ts(144,40): error TS2339: Property 'entrega' does not exist on type 'PrismaService'.
src/pasantias/pasantias.service.ts(148,36): error TS7006: Parameter 'materia' implicitly has an 'any' type.
src/pasantias/pasantias.service.ts(152,47): error TS7006: Parameter 'e' implicitly has an 'any' type.
src/pasantias/pasantias.service.ts(153,32): error TS7006: Parameter 'req' implicitly has an 'any' type.
src/pasantias/pasantias.service.ts(156,48): error TS7006: Parameter 'e' implicitly has an 'any' type.
src/pasantias/pasantias.service.ts(168,41): error TS7006: Parameter 'e' implicitly has an 'any' type.
src/pasantias/pasantias.service.ts(170,41): error TS7006: Parameter 'e' implicitly has an 'any' type.
src/pasantias/pasantias.service.ts(195,21): error TS7006: Parameter 'e' implicitly has an 'any' type.
src/pasantias/pasantias.service.ts(196,18): error TS7006: Parameter 'e' implicitly has an 'any' type.
src/prisma/prisma.service.ts(2,10): error TS2305: Module '"@prisma/client"' has no exported member 'PrismaClient'.
src/prisma/prisma.service.ts(21,16): error TS2339: Property '$connect' does not exist on type 'PrismaService'.
src/prisma/prisma.service.ts(25,16): error TS2339: Property '$disconnect' does not exist on type 'PrismaService'.
src/users/dto/create-user.dto.ts(2,10): error TS2305: Module '"@prisma/client"' has no exported member 'RolUsuario'.
src/users/dto/update-user.dto.ts(2,10): error TS2305: Module '"@prisma/client"' has no exported member 'RolUsuario'.
src/users/users.service.ts(9,46): error TS2339: Property 'usuario' does not exist on type 'PrismaService'.
src/users/users.service.ts(24,45): error TS2339: Property 'usuario' does not exist on type 'PrismaService'.
src/users/users.service.ts(48,24): error TS2339: Property 'usuario' does not exist on type 'PrismaService'.
src/users/users.service.ts(73,24): error TS2339: Property 'usuario' does not exist on type 'PrismaService'.
src/users/users.service.ts(87,45): error TS2339: Property 'usuario' does not exist on type 'PrismaService'.
src/users/users.service.ts(95,24): error TS2339: Property 'usuario' does not exist on type 'PrismaService'.
